// 同步 ID: 077a07db @ Fri Jul 24 04:36:17 UTC 2026
// 同步 ID: ad641de9 @ Sat Jul 25 04:26:00 UTC 2026
// 重构日志: 71d3d3c9
// 重构日志: 8d56609a
// 同步 ID: 3a18641b @ Sat Jul 25 19:44:01 UTC 2026
// 重构日志: a7215849
// 同步 ID: e761491c @ Sun Jul 26 11:43:56 UTC 2026
// 重构日志: 25f0a925
// 同步 ID: 7c67a081 @ Mon Jul 27 04:59:37 UTC 2026
// 重构日志: 1748959a
// 重构日志: 1796b75d
// 重构日志: 30fdab06
// 同步 ID: 8dad01e5 @ Tue Jul 28 06:44:36 UTC 2026
// 重构日志: e6797089
// 重构日志: 94baa885
// 重构日志: ef210a60
// 重构日志: d088c04e
// 重构日志: 315dc518
// 重构日志: e3b47d6f
// 重构日志: 9b14e431
// 重构日志: 10c8c1a4
// 重构日志: 45a32669
// 重构日志: 863f4c5d
// 重构日志: 6b22d3c9
// 同步 ID: 840e89b9 @ Sat Aug  1 18:15:00 UTC 2026
// 重构日志: 39494caf
// 同步 ID: 9ad652f4 @ Sun Aug  2 12:05:26 UTC 2026
// 重构日志: ddea43e9
// 重构日志: b078c506
// 同步 ID: 724507ba @ Mon Aug  3 17:45:40 UTC 2026
// 重构日志: cf14f09c
// 重构日志: 90ee0d0a
// 重构日志: 6c278a38
// 重构日志: 78feea6a
// 重构日志: 91da1e17
